// Jest Snapshot v1, https://goo.gl/fbAQLP

exports[`<Home /> should match snapshot 1`] = `
<e
  active={true}
  closeMenu={[Function]}
  nav={
    Array [
      Object {
        "id": "home",
        "label": "Home",
        "path": "/",
      },
      Object {
        "id": "sign-in",
        "label": "Sign-In",
        "path": "/sign-in",
      },
      Object {
        "id": "dashboard",
        "label": "Dashboard",
        "path": "/dashboard",
      },
      Object {
        "id": "saved-jobs",
        "label": "Saved Jobs",
        "path": "/saved-jobs",
      },
    ]
  }
  reactRouter={true}
>
  <section
    className="home"
  >
    <div
      className="home__menu--icon wrapper-menu open"
      onClick={[MockFunction]}
    >
      <div
        className="line-menu half start"
      />
      <div
        className="line-menu"
      />
      <div
        className="line-menu half end"
      />
    </div>
    <div
      className="logo-section"
    >
      <div
        className="logo"
      >
        <h1
          className="logo__forward"
        >
          F
        </h1>
        <h1
          className="logo__backward"
        >
          F
        </h1>
      </div>
      <div
        className="logo__title"
      >
        <h1>
          Find
          <span
            className="logo__title-thin"
          >
            First
          </span>
        </h1>
      </div>
    </div>
  </section>
</e>
`;
