// Jest Snapshot v1, https://goo.gl/fbAQLP

exports[`<JobsContainer /> should match snapshot 1`] = `
<div
  className="grid-container"
>
  <Connect(Header) />
  <main
    className="content"
  >
    <section
      className="cards-container"
    >
      <h1>
        Jobs Container
      </h1>
      <CardContainer
        jobs={Array []}
      />
    </section>
  </main>
  <Connect(Footer) />
</div>
`;
