// Jest Snapshot v1, https://goo.gl/fbAQLP

exports[`<Footer /> should match snapshot 1`] = `
<footer
  className="footer"
>
  <ul
    className="footer__nav"
  >
    <NavLink
      activeClassName="active"
      aria-current="page"
      className="footer__nav--item"
      exact={true}
      to="/dashboard"
    >
      <i
        className="far fa-clone"
      />
      Dashboard
    </NavLink>
    <NavLink
      activeClassName="active"
      aria-current="page"
      className="footer__nav--item"
      exact={true}
      to="/sign-up"
    >
      <i
        className="far fa-user-circle"
      />
      My Jobs
    </NavLink>
    <NavLink
      activeClassName="active"
      aria-current="page"
      className="footer__nav--item"
      exact={true}
      to="/sign-in"
    >
      <i
        className="fas fa-sign-in-alt"
      />
      Sign In
    </NavLink>
    <button
      className="footer__nav--item sign-out"
      exact={true}
      onClick={[Function]}
      to="/"
    >
      <i
        className="far fa-times-circle"
      />
      Sign Out
    </button>
  </ul>
</footer>
`;
