// Jest Snapshot v1, https://goo.gl/fbAQLP

exports[`<Card /> should match snapshot 1`] = `
<div
  className="card"
>
  <header
    className="card__header"
  >
    <h2
      className="card__company"
    />
    <p
      className="card__type"
    />
  </header>
  <h3
    className="card__title"
  />
  <section
    className="card__image--section"
  >
    <div />
    <p
      className="card__location"
    />
  </section>
</div>
`;
