// Jest Snapshot v1, https://goo.gl/fbAQLP

exports[`<Dashboard /> should match snapshot 1`] = `
<e
  closeMenu={[Function]}
  nav={
    Array [
      Object {
        "label": <div
          className="logo"
          id="menu-logo"
        >
          <h1
            className="logo__forward"
          >
            F
          </h1>
          <h1
            className="logo__backward"
          >
            F
          </h1>
        </div>,
        "path": "/",
      },
      Object {
        "id": "sign-in",
        "label": "Sign-In",
        "path": "/sign-in",
      },
      Object {
        "id": "dashboard",
        "label": "Dashboard",
        "path": "/dashboard",
      },
      Object {
        "id": "saved-jobs",
        "label": "Saved Jobs",
        "path": "/saved-jobs",
      },
    ]
  }
  reactRouter={true}
>
  <div
    className="grid-container"
  >
    <Connect(Header) />
    <main
      className="content"
    >
      <section
        className="cards-container"
      >
        <div
          className="search"
        >
          <input
            className="search__input"
            name="query"
            onChange={[Function]}
            placeholder="Search Jobs"
            type="text"
            value=""
          />
        </div>
        <CardContainer
          jobs={Array []}
        />
      </section>
    </main>
    <Connect(Footer) />
  </div>
</e>
`;
