// Jest Snapshot v1, https://goo.gl/fbAQLP

exports[`<SignIn /> should match snapshot 1`] = `
<section>
  <form
    action=""
  >
    <input
      name="email"
      onChange={[Function]}
      type="text"
      value=""
    />
    <input
      name="password"
      onChange={[Function]}
      type="password"
      value=""
    />
  </form>
  <button
    className="google"
    onClick={[Function]}
  >
    Google
  </button>
  <button
    onClick={[Function]}
  >
    Sign Out
  </button>
</section>
`;
