// Jest Snapshot v1, https://goo.gl/fbAQLP

exports[`<Router /> should match snapshot 1`] = `
<BrowserRouter>
  <Switch>
    <Route
      component={[Function]}
      exact={true}
      path="/"
    />
    <Route
      component={[Function]}
      exact={true}
      path="/dashboard"
    />
    <Route
      component={[Function]}
      exact={true}
      path="/sign-in"
    />
  </Switch>
</BrowserRouter>
`;
